******************************************************************************
                  TI ARM Linker PC v18.12.4                    
******************************************************************************
>> Linked Mon Mar  1 15:54:06 2021

OUTPUT FILE NAME:   <Lab3Part2.out>
ENTRY POINT SYMBOL: "_c_int00_noargs"  address: 000005a5


MEMORY CONFIGURATION

         name            origin    length      used     unused   attr    fill
----------------------  --------  ---------  --------  --------  ----  --------
  MAIN                  00000000   00040000  00000614  0003f9ec  R  X
  INFO                  00200000   00004000  00000000  00004000  R  X
  SRAM_CODE             01000000   00010000  00000204  0000fdfc  RW X
  SRAM_DATA             20000000   00010000  00000204  0000fdfc  RW  


SEGMENT ALLOCATION MAP

run origin  load origin   length   init length attrs members
----------  ----------- ---------- ----------- ----- -------
00000000    00000000    00000618   00000618    r-x
  00000000    00000000    000000e4   000000e4    r-- .intvecs
  000000e4    000000e4    00000518   00000518    r-x .text
  00000600    00000600    00000018   00000018    r-- .cinit
20000000    20000000    00000004   00000000    rw-
  20000000    20000000    00000004   00000000    rw- .data
2000fe00    2000fe00    00000200   00000000    rw-
  2000fe00    2000fe00    00000200   00000000    rw- .stack


SECTION ALLOCATION MAP

 output                                  attributes/
section   page    origin      length       input sections
--------  ----  ----------  ----------   ----------------
.intvecs   0    00000000    000000e4     
                  00000000    000000e4     startup_msp432p401r_ccs.obj (.intvecs:retain)

.text      0    000000e4    00000518     
                  000000e4    00000334     system_msp432p401r.obj (.text)
                  00000418    0000009c     rtsv7M4_T_le_v4SPD16_eabi.lib : memcpy_t2.asm.obj (.text)
                  000004b4    00000068                                   : copy_decompress_lzss.c.obj (.text:decompress:lzss:__TI_decompress_lzss)
                  0000051c    00000044                                   : autoinit.c.obj (.text:__TI_auto_init_nobinit_nopinit:__TI_auto_init_nobinit_nopinit)
                  00000560    00000044     main.obj (.text)
                  000005a4    00000034     rtsv7M4_T_le_v4SPD16_eabi.lib : boot_cortex_m.c.obj (.text:_c_int00_noargs:_c_int00_noargs)
                  000005d8    0000000e                                   : copy_decompress_none.c.obj (.text:decompress:none:__TI_decompress_none)
                  000005e6    0000000e     startup_msp432p401r_ccs.obj (.text)
                  000005f4    00000004     rtsv7M4_T_le_v4SPD16_eabi.lib : pre_init.c.obj (.text:_system_pre_init)
                  000005f8    00000004                                   : exit.c.obj (.text:abort:abort)

.cinit     0    00000600    00000018     
                  00000600    00000008     (.cinit..data.load) [load image, compression = lzss]
                  00000608    00000008     (__TI_handler_table)
                  00000610    00000008     (__TI_cinit_table)

.init_array 
*          0    00000000    00000000     UNINITIALIZED

.binit     0    00000000    00000000     

.data      0    20000000    00000004     UNINITIALIZED
                  20000000    00000004     system_msp432p401r.obj (.data)

.stack     0    2000fe00    00000200     UNINITIALIZED
                  2000fe00    00000004     rtsv7M4_T_le_v4SPD16_eabi.lib : boot_cortex_m.c.obj (.stack)
                  2000fe04    000001fc     --HOLE--

MODULE SUMMARY

       Module                        code   ro data   rw data
       ------                        ----   -------   -------
    .\
       system_msp432p401r.obj        820    0         8      
       startup_msp432p401r_ccs.obj   14     228       0      
       main.obj                      68     0         0      
    +--+-----------------------------+------+---------+---------+
       Total:                        902    228       8      
                                                             
    C:\ti\ccs930\ccs\tools\compiler\ti-cgt-arm_18.12.4.LTS\lib\rtsv7M4_T_le_v4SPD16_eabi.lib
       memcpy_t2.asm.obj             156    0         0      
       copy_decompress_lzss.c.obj    104    0         0      
       autoinit.c.obj                68     0         0      
       boot_cortex_m.c.obj           52     0         0      
       copy_decompress_none.c.obj    14     0         0      
       exit.c.obj                    4      0         0      
       pre_init.c.obj                4      0         0      
    +--+-----------------------------+------+---------+---------+
       Total:                        402    0         0      
                                                             
       Stack:                        0      0         1024   
       Linker Generated:             0      24        0      
    +--+-----------------------------+------+---------+---------+
       Grand Total:                  1304   252       1032   


LINKER GENERATED COPY TABLES

__TI_cinit_table @ 00000610 records: 1, size/record: 8, table size: 8
	.data: load addr=00000600, load size=00000008 bytes, run addr=20000000, run size=00000004 bytes, compression=lzss


LINKER GENERATED HANDLER TABLE

__TI_handler_table @ 00000608 records: 2, size/record: 4, table size: 8
	index: 0, handler: __TI_decompress_lzss
	index: 1, handler: __TI_decompress_none


GLOBAL SYMBOLS: SORTED ALPHABETICALLY BY Name 

address   name                          
-------   ----                          
000005f3  ADC14_IRQHandler              
000005f3  AES256_IRQHandler             
000005f3  BusFault_Handler              
000005f9  C$$EXIT                       
000005f3  COMP_E0_IRQHandler            
000005f3  COMP_E1_IRQHandler            
000005f3  CS_IRQHandler                 
000005f3  DMA_ERR_IRQHandler            
000005f3  DMA_INT0_IRQHandler           
000005f3  DMA_INT1_IRQHandler           
000005f3  DMA_INT2_IRQHandler           
000005f3  DMA_INT3_IRQHandler           
000005f3  DebugMon_Handler              
000005f3  Default_Handler               
000005f3  EUSCIA0_IRQHandler            
000005f3  EUSCIA1_IRQHandler            
000005f3  EUSCIA2_IRQHandler            
000005f3  EUSCIA3_IRQHandler            
000005f3  EUSCIB0_IRQHandler            
000005f3  EUSCIB1_IRQHandler            
000005f3  EUSCIB2_IRQHandler            
000005f3  EUSCIB3_IRQHandler            
000005f3  FLCTL_IRQHandler              
000005f3  FPU_IRQHandler                
000005f3  HardFault_Handler             
000005f3  MemManage_Handler             
000005f3  NMI_Handler                   
000005f3  PCM_IRQHandler                
000005f3  PORT1_IRQHandler              
000005f3  PORT2_IRQHandler              
000005f3  PORT3_IRQHandler              
000005f3  PORT4_IRQHandler              
000005f3  PORT5_IRQHandler              
000005f3  PORT6_IRQHandler              
000005f3  PSS_IRQHandler                
000005f3  PendSV_Handler                
000005f3  RTC_C_IRQHandler              
000005e7  Reset_Handler                 
000005f3  SVC_Handler                   
000005f3  SysTick_Handler               
20000000  SystemCoreClock               
000000e5  SystemCoreClockUpdate         
0000035d  SystemInit                    
000005f3  T32_INT1_IRQHandler           
000005f3  T32_INT2_IRQHandler           
000005f3  T32_INTC_IRQHandler           
000005f3  TA0_0_IRQHandler              
000005f3  TA0_N_IRQHandler              
000005f3  TA1_0_IRQHandler              
000005f3  TA1_N_IRQHandler              
000005f3  TA2_0_IRQHandler              
000005f3  TA2_N_IRQHandler              
000005f3  TA3_0_IRQHandler              
000005f3  TA3_N_IRQHandler              
000005f3  UsageFault_Handler            
4000480c  WDTCTL_SYM                    
000005f3  WDT_A_IRQHandler              
20010000  __STACK_END                   
00000200  __STACK_SIZE                  
00000610  __TI_CINIT_Base               
00000618  __TI_CINIT_Limit              
00000608  __TI_Handler_Table_Base       
00000610  __TI_Handler_Table_Limit      
0000051d  __TI_auto_init_nobinit_nopinit
000004b5  __TI_decompress_lzss          
000005d9  __TI_decompress_none          
ffffffff  __TI_pprof_out_hndl           
ffffffff  __TI_prof_data_size           
ffffffff  __TI_prof_data_start          
00000000  __TI_static_base__            
00000419  __aeabi_memcpy                
00000419  __aeabi_memcpy4               
00000419  __aeabi_memcpy8               
ffffffff  __binit__                     
ffffffff  __c_args__                    
UNDEFED   __mpu_init                    
2000fe00  __stack                       
000005a5  _c_int00_noargs               
UNDEFED   _system_post_cinit            
000005f5  _system_pre_init              
000005f9  abort                         
ffffffff  binit                         
00000000  interruptVectors              
00000561  main                          
00000419  memcpy                        


GLOBAL SYMBOLS: SORTED BY Symbol Address 

address   name                          
-------   ----                          
00000000  __TI_static_base__            
00000000  interruptVectors              
000000e5  SystemCoreClockUpdate         
00000200  __STACK_SIZE                  
0000035d  SystemInit                    
00000419  __aeabi_memcpy                
00000419  __aeabi_memcpy4               
00000419  __aeabi_memcpy8               
00000419  memcpy                        
000004b5  __TI_decompress_lzss          
0000051d  __TI_auto_init_nobinit_nopinit
00000561  main                          
000005a5  _c_int00_noargs               
000005d9  __TI_decompress_none          
000005e7  Reset_Handler                 
000005f3  ADC14_IRQHandler              
000005f3  AES256_IRQHandler             
000005f3  BusFault_Handler              
000005f3  COMP_E0_IRQHandler            
000005f3  COMP_E1_IRQHandler            
000005f3  CS_IRQHandler                 
000005f3  DMA_ERR_IRQHandler            
000005f3  DMA_INT0_IRQHandler           
000005f3  DMA_INT1_IRQHandler           
000005f3  DMA_INT2_IRQHandler           
000005f3  DMA_INT3_IRQHandler           
000005f3  DebugMon_Handler              
000005f3  Default_Handler               
000005f3  EUSCIA0_IRQHandler            
000005f3  EUSCIA1_IRQHandler            
000005f3  EUSCIA2_IRQHandler            
000005f3  EUSCIA3_IRQHandler            
000005f3  EUSCIB0_IRQHandler            
000005f3  EUSCIB1_IRQHandler            
000005f3  EUSCIB2_IRQHandler            
000005f3  EUSCIB3_IRQHandler            
000005f3  FLCTL_IRQHandler              
000005f3  FPU_IRQHandler                
000005f3  HardFault_Handler             
000005f3  MemManage_Handler             
000005f3  NMI_Handler                   
000005f3  PCM_IRQHandler                
000005f3  PORT1_IRQHandler              
000005f3  PORT2_IRQHandler              
000005f3  PORT3_IRQHandler              
000005f3  PORT4_IRQHandler              
000005f3  PORT5_IRQHandler              
000005f3  PORT6_IRQHandler              
000005f3  PSS_IRQHandler                
000005f3  PendSV_Handler                
000005f3  RTC_C_IRQHandler              
000005f3  SVC_Handler                   
000005f3  SysTick_Handler               
000005f3  T32_INT1_IRQHandler           
000005f3  T32_INT2_IRQHandler           
000005f3  T32_INTC_IRQHandler           
000005f3  TA0_0_IRQHandler              
000005f3  TA0_N_IRQHandler              
000005f3  TA1_0_IRQHandler              
000005f3  TA1_N_IRQHandler              
000005f3  TA2_0_IRQHandler              
000005f3  TA2_N_IRQHandler              
000005f3  TA3_0_IRQHandler              
000005f3  TA3_N_IRQHandler              
000005f3  UsageFault_Handler            
000005f3  WDT_A_IRQHandler              
000005f5  _system_pre_init              
000005f9  C$$EXIT                       
000005f9  abort                         
00000608  __TI_Handler_Table_Base       
00000610  __TI_CINIT_Base               
00000610  __TI_Handler_Table_Limit      
00000618  __TI_CINIT_Limit              
20000000  SystemCoreClock               
2000fe00  __stack                       
20010000  __STACK_END                   
4000480c  WDTCTL_SYM                    
ffffffff  __TI_pprof_out_hndl           
ffffffff  __TI_prof_data_size           
ffffffff  __TI_prof_data_start          
ffffffff  __binit__                     
ffffffff  __c_args__                    
ffffffff  binit                         
UNDEFED   __mpu_init                    
UNDEFED   _system_post_cinit            

[85 symbols]
