******************************************************************************
                  TI ARM Linker PC v18.12.4                    
******************************************************************************
>> Linked Mon Feb 15 15:39:15 2021

OUTPUT FILE NAME:   <Lab4Part1.out>
ENTRY POINT SYMBOL: "_c_int00_noargs"  address: 000006bd


MEMORY CONFIGURATION

         name            origin    length      used     unused   attr    fill
----------------------  --------  ---------  --------  --------  ----  --------
  MAIN                  00000000   00040000  00000730  0003f8d0  R  X
  INFO                  00200000   00004000  00000000  00004000  R  X
  SRAM_CODE             01000000   00010000  00000206  0000fdfa  RW X
  SRAM_DATA             20000000   00010000  00000206  0000fdfa  RW  


SEGMENT ALLOCATION MAP

run origin  load origin   length   init length attrs members
----------  ----------- ---------- ----------- ----- -------
00000000    00000000    00000734   00000734    r-x
  00000000    00000000    000000e4   000000e4    r-- .intvecs
  000000e4    000000e4    00000630   00000630    r-x .text
  00000718    00000718    0000001c   0000001c    r-- .cinit
20000000    20000000    00000006   00000000    rw-
  20000000    20000000    00000006   00000000    rw- .data
2000fe00    2000fe00    00000200   00000000    rw-
  2000fe00    2000fe00    00000200   00000000    rw- .stack


SECTION ALLOCATION MAP

 output                                  attributes/
section   page    origin      length       input sections
--------  ----  ----------  ----------   ----------------
.intvecs   0    00000000    000000e4     
                  00000000    000000e4     startup_msp432p401r_ccs.obj (.intvecs:retain)

.text      0    000000e4    00000630     
                  000000e4    00000334     system_msp432p401r.obj (.text)
                  00000418    0000015c     main.obj (.text)
                  00000574    0000009c     rtsv7M4_T_le_v4SPD16_eabi.lib : memcpy_t2.asm.obj (.text)
                  00000610    00000068                                   : copy_decompress_lzss.c.obj (.text:decompress:lzss:__TI_decompress_lzss)
                  00000678    00000044                                   : autoinit.c.obj (.text:__TI_auto_init_nobinit_nopinit:__TI_auto_init_nobinit_nopinit)
                  000006bc    00000034                                   : boot_cortex_m.c.obj (.text:_c_int00_noargs:_c_int00_noargs)
                  000006f0    0000000e                                   : copy_decompress_none.c.obj (.text:decompress:none:__TI_decompress_none)
                  000006fe    0000000e     startup_msp432p401r_ccs.obj (.text)
                  0000070c    00000004     rtsv7M4_T_le_v4SPD16_eabi.lib : pre_init.c.obj (.text:_system_pre_init)
                  00000710    00000004                                   : exit.c.obj (.text:abort:abort)

.cinit     0    00000718    0000001c     
                  00000718    0000000a     (.cinit..data.load) [load image, compression = lzss]
                  00000722    00000002     --HOLE-- [fill = 0]
                  00000724    00000008     (__TI_handler_table)
                  0000072c    00000008     (__TI_cinit_table)

.init_array 
*          0    00000000    00000000     UNINITIALIZED

.binit     0    00000000    00000000     

.data      0    20000000    00000006     UNINITIALIZED
                  20000000    00000004     system_msp432p401r.obj (.data)
                  20000004    00000002     main.obj (.data)

.stack     0    2000fe00    00000200     UNINITIALIZED
                  2000fe00    00000004     rtsv7M4_T_le_v4SPD16_eabi.lib : boot_cortex_m.c.obj (.stack)
                  2000fe04    000001fc     --HOLE--

MODULE SUMMARY

       Module                        code   ro data   rw data
       ------                        ----   -------   -------
    .\
       system_msp432p401r.obj        820    0         8      
       main.obj                      348    0         4      
       startup_msp432p401r_ccs.obj   14     228       0      
    +--+-----------------------------+------+---------+---------+
       Total:                        1182   228       12     
                                                             
    C:\ti\ccs930\ccs\tools\compiler\ti-cgt-arm_18.12.4.LTS\lib\rtsv7M4_T_le_v4SPD16_eabi.lib
       memcpy_t2.asm.obj             156    0         0      
       copy_decompress_lzss.c.obj    104    0         0      
       autoinit.c.obj                68     0         0      
       boot_cortex_m.c.obj           52     0         0      
       copy_decompress_none.c.obj    14     0         0      
       exit.c.obj                    4      0         0      
       pre_init.c.obj                4      0         0      
    +--+-----------------------------+------+---------+---------+
       Total:                        402    0         0      
                                                             
       Stack:                        0      0         1024   
       Linker Generated:             0      26        0      
    +--+-----------------------------+------+---------+---------+
       Grand Total:                  1584   254       1036   


LINKER GENERATED COPY TABLES

__TI_cinit_table @ 0000072c records: 1, size/record: 8, table size: 8
	.data: load addr=00000718, load size=0000000a bytes, run addr=20000000, run size=00000006 bytes, compression=lzss


LINKER GENERATED HANDLER TABLE

__TI_handler_table @ 00000724 records: 2, size/record: 4, table size: 8
	index: 0, handler: __TI_decompress_lzss
	index: 1, handler: __TI_decompress_none


GLOBAL SYMBOLS: SORTED ALPHABETICALLY BY Name 

address   name                          
-------   ----                          
0000070b  ADC14_IRQHandler              
0000070b  AES256_IRQHandler             
0000070b  BusFault_Handler              
00000711  C$$EXIT                       
0000070b  COMP_E0_IRQHandler            
0000070b  COMP_E1_IRQHandler            
0000070b  CS_IRQHandler                 
0000070b  DMA_ERR_IRQHandler            
0000070b  DMA_INT0_IRQHandler           
0000070b  DMA_INT1_IRQHandler           
0000070b  DMA_INT2_IRQHandler           
0000070b  DMA_INT3_IRQHandler           
00000513  DebounceSwitch1               
0000070b  DebugMon_Handler              
0000070b  Default_Handler               
0000070b  EUSCIA0_IRQHandler            
0000070b  EUSCIA1_IRQHandler            
0000070b  EUSCIA2_IRQHandler            
0000070b  EUSCIA3_IRQHandler            
0000070b  EUSCIB0_IRQHandler            
0000070b  EUSCIB1_IRQHandler            
0000070b  EUSCIB2_IRQHandler            
0000070b  EUSCIB3_IRQHandler            
0000070b  FLCTL_IRQHandler              
0000070b  FPU_IRQHandler                
0000070b  HardFault_Handler             
0000070b  MemManage_Handler             
0000070b  NMI_Handler                   
0000070b  PCM_IRQHandler                
0000070b  PORT1_IRQHandler              
0000070b  PORT2_IRQHandler              
0000070b  PORT3_IRQHandler              
0000070b  PORT4_IRQHandler              
0000070b  PORT5_IRQHandler              
0000070b  PORT6_IRQHandler              
0000070b  PSS_IRQHandler                
0000070b  PendSV_Handler                
0000070b  RTC_C_IRQHandler              
000006ff  Reset_Handler                 
0000070b  SVC_Handler                   
0000070b  SysTick_Handler               
20000000  SystemCoreClock               
000000e5  SystemCoreClockUpdate         
0000035d  SystemInit                    
0000070b  T32_INT1_IRQHandler           
0000070b  T32_INT2_IRQHandler           
0000070b  T32_INTC_IRQHandler           
0000070b  TA0_0_IRQHandler              
0000070b  TA0_N_IRQHandler              
0000070b  TA1_0_IRQHandler              
0000070b  TA1_N_IRQHandler              
0000070b  TA2_0_IRQHandler              
0000070b  TA2_N_IRQHandler              
0000070b  TA3_0_IRQHandler              
0000070b  TA3_N_IRQHandler              
0000070b  UsageFault_Handler            
4000480c  WDTCTL_SYM                    
0000070b  WDT_A_IRQHandler              
20010000  __STACK_END                   
00000200  __STACK_SIZE                  
0000072c  __TI_CINIT_Base               
00000734  __TI_CINIT_Limit              
00000724  __TI_Handler_Table_Base       
0000072c  __TI_Handler_Table_Limit      
00000679  __TI_auto_init_nobinit_nopinit
00000611  __TI_decompress_lzss          
000006f1  __TI_decompress_none          
ffffffff  __TI_pprof_out_hndl           
ffffffff  __TI_prof_data_size           
ffffffff  __TI_prof_data_start          
00000000  __TI_static_base__            
00000575  __aeabi_memcpy                
00000575  __aeabi_memcpy4               
00000575  __aeabi_memcpy8               
ffffffff  __binit__                     
ffffffff  __c_args__                    
UNDEFED   __mpu_init                    
2000fe00  __stack                       
000006bd  _c_int00_noargs               
UNDEFED   _system_post_cinit            
0000070d  _system_pre_init              
00000711  abort                         
ffffffff  binit                         
00000000  interruptVectors              
00000419  main                          
00000575  memcpy                        


GLOBAL SYMBOLS: SORTED BY Symbol Address 

address   name                          
-------   ----                          
00000000  __TI_static_base__            
00000000  interruptVectors              
000000e5  SystemCoreClockUpdate         
00000200  __STACK_SIZE                  
0000035d  SystemInit                    
00000419  main                          
00000513  DebounceSwitch1               
00000575  __aeabi_memcpy                
00000575  __aeabi_memcpy4               
00000575  __aeabi_memcpy8               
00000575  memcpy                        
00000611  __TI_decompress_lzss          
00000679  __TI_auto_init_nobinit_nopinit
000006bd  _c_int00_noargs               
000006f1  __TI_decompress_none          
000006ff  Reset_Handler                 
0000070b  ADC14_IRQHandler              
0000070b  AES256_IRQHandler             
0000070b  BusFault_Handler              
0000070b  COMP_E0_IRQHandler            
0000070b  COMP_E1_IRQHandler            
0000070b  CS_IRQHandler                 
0000070b  DMA_ERR_IRQHandler            
0000070b  DMA_INT0_IRQHandler           
0000070b  DMA_INT1_IRQHandler           
0000070b  DMA_INT2_IRQHandler           
0000070b  DMA_INT3_IRQHandler           
0000070b  DebugMon_Handler              
0000070b  Default_Handler               
0000070b  EUSCIA0_IRQHandler            
0000070b  EUSCIA1_IRQHandler            
0000070b  EUSCIA2_IRQHandler            
0000070b  EUSCIA3_IRQHandler            
0000070b  EUSCIB0_IRQHandler            
0000070b  EUSCIB1_IRQHandler            
0000070b  EUSCIB2_IRQHandler            
0000070b  EUSCIB3_IRQHandler            
0000070b  FLCTL_IRQHandler              
0000070b  FPU_IRQHandler                
0000070b  HardFault_Handler             
0000070b  MemManage_Handler             
0000070b  NMI_Handler                   
0000070b  PCM_IRQHandler                
0000070b  PORT1_IRQHandler              
0000070b  PORT2_IRQHandler              
0000070b  PORT3_IRQHandler              
0000070b  PORT4_IRQHandler              
0000070b  PORT5_IRQHandler              
0000070b  PORT6_IRQHandler              
0000070b  PSS_IRQHandler                
0000070b  PendSV_Handler                
0000070b  RTC_C_IRQHandler              
0000070b  SVC_Handler                   
0000070b  SysTick_Handler               
0000070b  T32_INT1_IRQHandler           
0000070b  T32_INT2_IRQHandler           
0000070b  T32_INTC_IRQHandler           
0000070b  TA0_0_IRQHandler              
0000070b  TA0_N_IRQHandler              
0000070b  TA1_0_IRQHandler              
0000070b  TA1_N_IRQHandler              
0000070b  TA2_0_IRQHandler              
0000070b  TA2_N_IRQHandler              
0000070b  TA3_0_IRQHandler              
0000070b  TA3_N_IRQHandler              
0000070b  UsageFault_Handler            
0000070b  WDT_A_IRQHandler              
0000070d  _system_pre_init              
00000711  C$$EXIT                       
00000711  abort                         
00000724  __TI_Handler_Table_Base       
0000072c  __TI_CINIT_Base               
0000072c  __TI_Handler_Table_Limit      
00000734  __TI_CINIT_Limit              
20000000  SystemCoreClock               
2000fe00  __stack                       
20010000  __STACK_END                   
4000480c  WDTCTL_SYM                    
ffffffff  __TI_pprof_out_hndl           
ffffffff  __TI_prof_data_size           
ffffffff  __TI_prof_data_start          
ffffffff  __binit__                     
ffffffff  __c_args__                    
ffffffff  binit                         
UNDEFED   __mpu_init                    
UNDEFED   _system_post_cinit            

[86 symbols]
